<html>
<body>
<pre>
<h1>µVision Build Log</h1>
<h2>Tool Versions:</h2>
IDE-Version: ¦ÌVision V5.36.0.0
Copyright (C) 2021 ARM Ltd and ARM Germany GmbH. All rights reserved.
License Information: Kin Kin, Kin, LIC=MPPLD-82SJ7-Z9KG9-47EU4-ETB5L-V53C0
 
Tool Versions:
Toolchain:       MDK-ARM Plus  Version: 5.36.0.0
Toolchain Path:  D:\Keil_v5\ARM\ARMCLANG\Bin
C Compiler:      ArmClang.exe V6.16
Assembler:       Armasm.exe V6.16
Linker/Locator:  ArmLink.exe V6.16
Library Manager: ArmAr.exe V6.16
Hex Converter:   FromElf.exe V6.16
CPU DLL:         SARMCM3.DLL V5.36.0.0
Dialog DLL:      DCM.DLL V1.17.3.0
Target DLL:      Segger\JL2CM3.dll V2.99.40.0
Dialog DLL:      TCM.DLL V1.53.0.0
 
<h2>Project:</h2>
C:\Users\Kin\Desktop\STM32F407ZG_HAL_Demo\Project\STM32F407ZG_Project.uvprojx
Project File Date:  03/06/2022

<h2>Output:</h2>
*** Using Compiler 'V6.16', folder: 'D:\Keil_v5\ARM\ARMCLANG\Bin'
Rebuild target 'Target 1'
assembling startup_stm32f407xx.s...
compiling system_stm32f4xx.c...
compiling stm32f4xx_hal.c...
compiling stm32f4xx_hal_cortex.c...
compiling stm32f4xx_hal_flash.c...
compiling stm32f4xx_hal_exti.c...
compiling stm32f4xx_hal_dma_ex.c...
compiling stm32f4xx_hal_dma.c...
compiling stm32f4xx_hal_flash_ex.c...
compiling stm32f4xx_hal_flash_ramfunc.c...
compiling stm32f4xx_hal_pwr_ex.c...
compiling stm32f4xx_hal_rcc_ex.c...
compiling stm32f4xx_hal_gpio.c...
compiling stm32f4xx_hal_pwr.c...
compiling stm32f4xx_hal_rcc.c...
compiling croutine.c...
compiling event_groups.c...
compiling stm32f4xx_hal_sram.c...
compiling stm32f4xx_ll_fsmc.c...
compiling stm32f4xx_hal_tim_ex.c...
compiling list.c...
compiling stm32f4xx_hal_usart.c...
compiling stm32f4xx_hal_uart.c...
compiling stream_buffer.c...
compiling port.c...
compiling heap_4.c...
compiling stm32f4xx_hal_tim.c...
compiling timers.c...
compiling queue.c...
compiling lv_disp.c...
compiling tasks.c...
compiling lv_event.c...
compiling lv_obj_class.c...
compiling lv_group.c...
compiling lv_indev_scroll.c...
compiling lv_indev.c...
compiling lv_obj.c...
compiling lv_obj_draw.c...
compiling lv_obj_style_gen.c...
compiling lv_obj_pos.c...
compiling lv_obj_tree.c...
compiling lv_obj_scroll.c...
compiling lv_obj_style.c...
compiling lv_theme.c...
compiling lv_refr.c...
compiling lv_draw_arc.c...
compiling lv_draw_label.c...
compiling lv_draw_img.c...
compiling lv_draw_line.c...
compiling lv_draw_blend.c...
compiling lv_draw_triangle.c...
compiling lv_img_cache.c...
compiling lv_draw_mask.c...
compiling lv_font.c...
compiling lv_extra.c...
compiling lv_img_buf.c...
compiling lv_img_decoder.c...
compiling lv_font_dejavu_16_persian_hebrew.c...
compiling lv_draw_rect.c...
compiling lv_font_fmt_txt.c...
compiling lv_font_montserrat_10.c...
compiling lv_font_montserrat_12.c...
compiling lv_font_montserrat_8.c...
compiling lv_font_montserrat_12_subpx.c...
compiling lv_font_montserrat_16.c...
compiling lv_font_loader.c...
compiling lv_font_montserrat_14.c...
compiling lv_font_montserrat_18.c...
compiling lv_font_montserrat_20.c...
compiling lv_font_montserrat_24.c...
compiling lv_font_montserrat_22.c...
compiling lv_font_montserrat_26.c...
compiling lv_font_montserrat_28.c...
compiling lv_font_montserrat_28_compressed.c...
compiling lv_font_montserrat_30.c...
compiling lv_font_montserrat_32.c...
compiling lv_font_montserrat_34.c...
compiling lv_font_montserrat_38.c...
compiling lv_font_montserrat_36.c...
compiling lv_font_montserrat_40.c...
compiling lv_font_montserrat_42.c...
compiling lv_font_montserrat_44.c...
compiling lv_font_montserrat_46.c...
compiling lv_font_montserrat_48.c...
compiling lv_font_simsun_16_cjk.c...
compiling lv_font_unscii_8.c...
compiling lv_font_unscii_16.c...
compiling lv_gpu_nxp_pxp.c...
compiling lv_gpu_nxp_pxp_osa.c...
compiling lv_gpu_sdl.c...
compiling lv_gpu_nxp_vglite.c...
compiling lv_gpu_stm32_dma2d.c...
compiling lv_hal_tick.c...
compiling lv_hal_indev.c...
compiling lv_anim_timeline.c...
compiling lv_async.c...
compiling lv_anim.c...
compiling lv_bidi.c...
compiling lv_hal_disp.c...
compiling lv_area.c...
compiling lv_color.c...
compiling lv_gc.c...
compiling lv_log.c...
compiling lv_ll.c...
compiling lv_fs.c...
compiling lv_math.c...
compiling lv_templ.c...
compiling lv_mem.c...
compiling lv_printf.c...
compiling lv_style.c...
compiling lv_style_gen.c...
compiling lv_timer.c...
compiling lv_utils.c...
compiling lv_txt_ap.c...
compiling lv_txt.c...
compiling lv_tlsf.c...
compiling lv_btn.c...
compiling lv_bar.c...
compiling lv_arc.c...
compiling lv_checkbox.c...
compiling lv_objx_templ.c...
compiling lv_btnmatrix.c...
compiling lv_line.c...
compiling lv_canvas.c...
compiling lv_dropdown.c...
compiling lv_img.c...
compiling lv_label.c...
compiling lv_slider.c...
compiling lv_roller.c...
compiling lv_switch.c...
compiling lv_flex.c...
compiling lv_table.c...
compiling lv_textarea.c...
compiling lv_bmp.c...
compiling lv_grid.c...
compiling lv_freetype.c...
compiling lv_fs_fatfs.c...
compiling gifdec.c...
compiling lv_fs_posix.c...
compiling lv_theme_default.c...
compiling lv_fs_stdio.c...
compiling lv_fs_win32.c...
compiling lv_gif.c...
compiling lodepng.c...
compiling lv_png.c...
compiling tjpgd.c...
compiling lv_qrcode.c...
compiling lv_rlottie.c...
compiling lv_sjpg.c...
compiling lv_snapshot.c...
compiling lv_theme_basic.c...
compiling lv_theme_mono.c...
compiling qrcodegen.c...
compiling lv_animimg.c...
compiling lv_calendar_header_arrow.c...
compiling lv_calendar_header_dropdown.c...
compiling lv_calendar.c...
compiling lv_imgbtn.c...
compiling lv_list.c...
compiling lv_keyboard.c...
compiling lv_led.c...
compiling lv_colorwheel.c...
compiling lv_msgbox.c...
compiling lv_chart.c...
compiling lv_meter.c...
compiling lv_spinner.c...
compiling lv_gpu_sdl_draw_arc.c...
compiling lv_spinbox.c...
compiling lv_tabview.c...
compiling lv_gpu_sdl_draw_blend.c...
compiling lv_tileview.c...
compiling lv_win.c...
compiling lv_gpu_sdl_draw_img.c...
compiling lv_span.c...
compiling lv_gpu_sdl_draw_line.c...
compiling lv_gpu_sdl_draw_label.c...
compiling lv_gpu_sdl_draw_rect.c...
compiling lv_gpu_sdl_lru.c...
compiling lv_gpu_sdl_mask.c...
compiling lv_gpu_sdl_texture_cache.c...
compiling lv_gpu_sdl_utils.c...
compiling lv_gpu_sdl_stack_blur.c...
compiling img_clothes.c...
compiling img_lvgl_logo.c...
compiling lv_port_disp.c...
compiling bsp_led.c...
compiling bsp_tim.c...
compiling img_demo_widgets_avatar.c...
compiling bsp_lcd.c...
compiling bsp_usart.c...
compiling lv_demo_widgets.c...
compiling fonts.c...
../User/main.c(13): warning: implicit declaration of function 'lv_port_disp_init' is invalid in C99 [-Wimplicit-function-declaration]
    lv_port_disp_init();
    ^
../User/main.c(14): warning: implicit declaration of function 'lv_demo_widgets' is invalid in C99 [-Wimplicit-function-declaration]
                lv_demo_widgets();
                ^
2 warnings generated.
compiling main.c...
compiling bsp_init.c...
compiling clock_init.c...
compiling rtos_task.c...
linking...
Program Size: Code=180510 RO-data=104122 RW-data=488 ZI-data=124272  
FromELF: creating hex file...
After Build - User command #1: fromelf --bin --output=../Output/STM32F407ZG_Project.bin ../Output/STM32F407ZG_Project.axf
After Build - User command #2: fromelf --text -a -c --output=../Output/STM32F407ZG_Project.dis ../Output/STM32F407ZG_Project.axf
"..\Output\STM32F407ZG_Project.axf" - 0 Error(s), 2 Warning(s).

<h2>Software Packages used:</h2>

Package Vendor: Keil
                http://www.keil.com/pack/Keil.STM32F4xx_DFP.2.15.0.pack
                Keil.STM32F4xx_DFP.2.15.0
                STMicroelectronics STM32F4 Series Device Support, Drivers and Examples

<h2>Collection of Component include folders:</h2>
  D:\Keil_v5\Arm\Packs\Keil\STM32F4xx_DFP\2.15.0\Drivers\CMSIS\Device\ST\STM32F4xx\Include

<h2>Collection of Component Files used:</h2>
Build Time Elapsed:  00:00:17
</pre>
</body>
</html>
